bootstrap agent agent_0
startup agent agent_0
{'agent_launch_method': 'FORK',
 'agent_name': 'agent_0',
 'bridges': {'agent_executing_queue': {'addr_in': 'tcp://138.201.86.166:36527',
                                       'addr_out': 'tcp://138.201.86.166:43201',
                                       'bulk_size': 0,
                                       'log_level': 'error',
                                       'stall_hwm': 1},
             'agent_schedule_pubsub': {'addr_in': 'tcp://138.201.86.166:40995',
                                       'addr_out': 'tcp://138.201.86.166:45014',
                                       'bulk_size': 0,
                                       'log_level': 'error',
                                       'stall_hwm': 1},
             'agent_scheduling_queue': {'addr_in': 'tcp://138.201.86.166:46702',
                                        'addr_out': 'tcp://138.201.86.166:43014',
                                        'bulk_size': 0,
                                        'log_level': 'error',
                                        'stall_hwm': 1},
             'agent_staging_input_queue': {'addr_in': 'tcp://138.201.86.166:35373',
                                           'addr_out': 'tcp://138.201.86.166:38054',
                                           'bulk_size': 0,
                                           'log_level': 'error',
                                           'stall_hwm': 1},
             'agent_staging_output_queue': {'addr_in': 'tcp://138.201.86.166:40600',
                                            'addr_out': 'tcp://138.201.86.166:44010',
                                            'bulk_size': 0,
                                            'log_level': 'error',
                                            'stall_hwm': 1},
             'agent_unschedule_pubsub': {'addr_in': 'tcp://138.201.86.166:39807',
                                         'addr_out': 'tcp://138.201.86.166:45873',
                                         'bulk_size': 0,
                                         'log_level': 'error',
                                         'stall_hwm': 1},
             'control_pubsub': {'addr_in': 'tcp://138.201.86.166:34504',
                                'addr_out': 'tcp://138.201.86.166:33788',
                                'bulk_size': 0,
                                'log_level': 'error',
                                'stall_hwm': 1},
             'log_pubsub': {'addr_in': 'tcp://138.201.86.166:40879',
                            'addr_out': 'tcp://138.201.86.166:37355',
                            'bulk_size': 0,
                            'log_level': 'error',
                            'stall_hwm': 1},
             'state_pubsub': {'addr_in': 'tcp://138.201.86.166:33771',
                              'addr_out': 'tcp://138.201.86.166:39852',
                              'bulk_size': 0,
                              'log_level': 'error',
                              'stall_hwm': 1}},
 'bulk_collection_size': 100,
 'bulk_collection_time': 1.0,
 'components': {'AgentExecutingComponent': {'count': 1},
                'AgentSchedulingComponent': {'count': 1},
                'AgentStagingInputComponent': {'count': 1},
                'AgentStagingOutputComponent': {'count': 1},
                'UpdateWorker': {'count': 1}},
 'cores': 8,
 'cores_per_node': 8,
 'cu_post_exec': None,
 'cu_pre_exec': None,
 'cu_tmp': None,
 'db_poll_sleeptime': 1.0,
 'dburl': 'mongodb://138.201.86.166:27017/ee_exp_4c',
 'debug': 10,
 'export_to_cu': None,
 'gpus': 0,
 'gpus_per_node': 1,
 'lfs_path_per_node': '/tmp',
 'lfs_size_per_node': 1024,
 'logdir': '.',
 'lrms': 'FORK',
 'max_io_loglength': 1024,
 'mode': 'shared',
 'mpi_launch_method': 'MPIRUN',
 'owner': 'agent_0',
 'pilot_id': 'pilot.0000',
 'pilot_sandbox': '/home/vivek/radical.pilot.sandbox/re.session.two.vivek.017975.0014/pilot.0000/',
 'resource_cfg': {'agent_launch_method': 'FORK',
                  'agent_scheduler': 'CONTINUOUS',
                  'agent_spawner': 'POPEN',
                  'cores_per_node': 8,
                  'default_remote_workdir': '$HOME',
                  'description': 'Your local machine.',
                  'filesystem_endpoint': 'file://localhost/',
                  'gpus_per_node': 1,
                  'job_manager_endpoint': 'fork://localhost/',
                  'label': 'local.localhost',
                  'lfs_path_per_node': '/tmp',
                  'lfs_size_per_node': 1024,
                  'local': {'filesystem_endpoint': 'file://localhost/',
                            'job_manager_endpoint': 'fork://localhost/'},
                  'lrms': 'FORK',
                  'mpi_launch_method': 'MPIRUN',
                  'notes': 'To use the ssh schema, make sure that ssh access to localhost is enabled.',
                  'pre_bootstrap_1': ['export RP_APP_TUNNEL_ADDR=144.76.72.175:27017',
                                      'echo  $RP_APP_TUNNEL_ADDR'],
                  'python_dist': 'default',
                  'rp_version': 'local',
                  'schemas': ['local', 'ssh'],
                  'ssh': {'filesystem_endpoint': 'sftp://localhost/',
                          'job_manager_endpoint': 'ssh://localhost/'},
                  'task_launch_method': 'FORK',
                  'virtenv_mode': 'create'},
 'resource_sandbox': '/home/vivek/radical.pilot.sandbox',
 'runtime': 30,
 'scheduler': 'CONTINUOUS',
 'session_id': 're.session.two.vivek.017975.0014',
 'session_sandbox': '/home/vivek/radical.pilot.sandbox/re.session.two.vivek.017975.0014',
 'spawner': 'POPEN',
 'staging_area': 'staging_area',
 'staging_schema': 'staging',
 'target': 'local',
 'task_launch_method': 'FORK',
 'workdir': '/home/vivek/radical.pilot.sandbox/re.session.two.vivek.017975.0014/pilot.0000'}
start   agent_0
